// Jest Snapshot v1, https://goo.gl/fbAQLP

exports[`App component renders App 1`] = `
<DocumentFragment>
  <div>
    <p
      class="whoami"
    >
      Erik Graciosa
    </p>
    <p
      class="title"
    >
      Full Stack Software Engineer
    </p>
    <a
      href="https://github.com/ErikGraciosa"
      rel="noreferrer noopener"
      target="_blank"
    >
      Visit my Github
    </a>
    <a
      href="https://www.linkedin.com/in/erikgraciosa"
      rel="noreferrer noopener"
      target="_blank"
    >
      Visit my LinkedIn
    </a>
  </div>
</DocumentFragment>
`;
